[backblue.gif]
[fade.gif]
[index.html]
[www2.filg.uj.edu.pl/_romansos/hotpot/101viaggi/contenuti.html]
[www2.filg.uj.edu.pl/_romansos/hotpot/101viaggi/inizio.swf]
[www2.filg.uj.edu.pl/_romansos/hotpot/101viaggi/inizio.html]
[www2.filg.uj.edu.pl/_romansos/hotpot/101viaggi/testIparte/test.html]
[www2.filg.uj.edu.pl/_romansos/hotpot/101viaggi/risultati.html]
[www2.filg.uj.edu.pl/_romansos/hotpot/101viaggi/dizionario/dizionario.html]
[www2.filg.uj.edu.pl/_romansos/hotpot/101viaggi/aiuto.html]
[www2.filg.uj.edu.pl/_romansos/hotpot/101viaggi/1.Conosciamoci meglio/grafica_anni/neonato.jpg]
[www2.filg.uj.edu.pl/_romansos/hotpot/101viaggi/1.Conosciamoci meglio/grafica_anni/sara.jpg]
[www2.filg.uj.edu.pl/_romansos/hotpot/101viaggi/1.Conosciamoci meglio/grafica_anni/marco.jpg]
[www2.filg.uj.edu.pl/_romansos/hotpot/101viaggi/1.Conosciamoci meglio/grafica_anni/silvia.jpg]
[www2.filg.uj.edu.pl/_romansos/hotpot/101viaggi/1.Conosciamoci meglio/grafica_anni/francesca.jpg]
[www2.filg.uj.edu.pl/_romansos/hotpot/101viaggi/1.Conosciamoci meglio/grafica_anni/enzo.jpg]
[www2.filg.uj.edu.pl/_romansos/hotpot/101viaggi/1.Conosciamoci meglio/grafica_anni/matteo.jpg]
[www2.filg.uj.edu.pl/_romansos/hotpot/101viaggi/1.Conosciamoci meglio/grafica_anni/chiara.jpg]
[www2.filg.uj.edu.pl/_romansos/hotpot/101viaggi/1.Conosciamoci meglio/anni.html]
[www2.filg.uj.edu.pl/_romansos/hotpot/101viaggi/1.Conosciamoci meglio/appuntamenti.html]
[www2.filg.uj.edu.pl/_romansos/hotpot/101viaggi/1.Conosciamoci meglio/grafica_capitali/Parigi.jpg]
[www2.filg.uj.edu.pl/_romansos/hotpot/101viaggi/1.Conosciamoci meglio/grafica_capitali/Lussemburgo.jpg]
[www2.filg.uj.edu.pl/_romansos/hotpot/101viaggi/1.Conosciamoci meglio/grafica_capitali/Berlino.jpg]
[www2.filg.uj.edu.pl/_romansos/hotpot/101viaggi/1.Conosciamoci meglio/grafica_capitali/Mosca.jpg]
[www2.filg.uj.edu.pl/_romansos/hotpot/101viaggi/1.Conosciamoci meglio/grafica_capitali/Cairo.jpg]
[www2.filg.uj.edu.pl/_romansos/hotpot/101viaggi/1.Conosciamoci meglio/grafica_capitali/Atene.jpg]
[www2.filg.uj.edu.pl/_romansos/hotpot/101viaggi/1.Conosciamoci meglio/grafica_capitali/Copenhagen.jpg]
[www2.filg.uj.edu.pl/_romansos/hotpot/101viaggi/1.Conosciamoci meglio/grafica_capitali/Praga.jpg]
[www2.filg.uj.edu.pl/_romansos/hotpot/101viaggi/1.Conosciamoci meglio/grafica_capitali/Londra.jpg]
[www2.filg.uj.edu.pl/_romansos/hotpot/101viaggi/1.Conosciamoci meglio/grafica_capitali/Vienna.jpg]
[www2.filg.uj.edu.pl/_romansos/hotpot/101viaggi/1.Conosciamoci meglio/grafica_capitali/Bruxelles.jpg]
[www2.filg.uj.edu.pl/_romansos/hotpot/101viaggi/1.Conosciamoci meglio/grafica_capitali/Stockholm.jpg]
[www2.filg.uj.edu.pl/_romansos/hotpot/101viaggi/1.Conosciamoci meglio/grafica_capitali/Madrid.jpg]
[www2.filg.uj.edu.pl/_romansos/hotpot/101viaggi/1.Conosciamoci meglio/grafica_capitali/Dublino.jpg]
[www2.filg.uj.edu.pl/_romansos/hotpot/101viaggi/1.Conosciamoci meglio/capitali.html]
[www2.filg.uj.edu.pl/_romansos/hotpot/101viaggi/1.Conosciamoci meglio/grafica_dati/marco_dottore.jpg]
[www2.filg.uj.edu.pl/_romansos/hotpot/101viaggi/1.Conosciamoci meglio/dati.html]
[www2.filg.uj.edu.pl/_romansos/hotpot/101viaggi/1.Conosciamoci meglio/grafica_famiglia/father-vt.gif]
[www2.filg.uj.edu.pl/_romansos/hotpot/101viaggi/1.Conosciamoci meglio/grafica_famiglia/sister-vt.gif]
[www2.filg.uj.edu.pl/_romansos/hotpot/101viaggi/1.Conosciamoci meglio/grafica_famiglia/brother-vt.gif]
[www2.filg.uj.edu.pl/_romansos/hotpot/101viaggi/1.Conosciamoci meglio/grafica_famiglia/mother-vt.gif]
[www2.filg.uj.edu.pl/_romansos/hotpot/101viaggi/1.Conosciamoci meglio/famiglia1.html]
[www2.filg.uj.edu.pl/_romansos/hotpot/101viaggi/1.Conosciamoci meglio/famiglia2.html]
[www2.filg.uj.edu.pl/_romansos/hotpot/101viaggi/1.Conosciamoci meglio/grafica_lingue/italia1.gif]
[www2.filg.uj.edu.pl/_romansos/hotpot/101viaggi/1.Conosciamoci meglio/grafica_lingue/francia1.gif]
[www2.filg.uj.edu.pl/_romansos/hotpot/101viaggi/1.Conosciamoci meglio/grafica_lingue/grecia1.gif]
[www2.filg.uj.edu.pl/_romansos/hotpot/101viaggi/1.Conosciamoci meglio/grafica_lingue/portogallo1.gif]
[www2.filg.uj.edu.pl/_romansos/hotpot/101viaggi/1.Conosciamoci meglio/grafica_lingue/polonia1.gif]
[www2.filg.uj.edu.pl/_romansos/hotpot/101viaggi/1.Conosciamoci meglio/grafica_lingue/ceco1.gif]
[www2.filg.uj.edu.pl/_romansos/hotpot/101viaggi/1.Conosciamoci meglio/grafica_lingue/danimarca1.gif]
[www2.filg.uj.edu.pl/_romansos/hotpot/101viaggi/1.Conosciamoci meglio/grafica_lingue/germania1.gif]
[www2.filg.uj.edu.pl/_romansos/hotpot/101viaggi/1.Conosciamoci meglio/grafica_lingue/norvegia1.gif]
[www2.filg.uj.edu.pl/_romansos/hotpot/101viaggi/1.Conosciamoci meglio/grafica_lingue/russia1.jpg]
[www2.filg.uj.edu.pl/_romansos/hotpot/101viaggi/1.Conosciamoci meglio/grafica_lingue/svezia1.gif]
[www2.filg.uj.edu.pl/_romansos/hotpot/101viaggi/1.Conosciamoci meglio/grafica_lingue/finlanda1.gif]
[www2.filg.uj.edu.pl/_romansos/hotpot/101viaggi/1.Conosciamoci meglio/lingue.html]
[www2.filg.uj.edu.pl/_romansos/hotpot/101viaggi/1.Conosciamoci meglio/presentazioni.html]
[www2.filg.uj.edu.pl/_romansos/hotpot/101viaggi/1.Conosciamoci meglio/primicontatti.html]
[www2.filg.uj.edu.pl/_romansos/hotpot/101viaggi/1.Conosciamoci meglio/Grafica_StatiMondo/j0397296.gif]
[www2.filg.uj.edu.pl/_romansos/hotpot/101viaggi/1.Conosciamoci meglio/StatidelMondo.html]
[www2.filg.uj.edu.pl/_romansos/hotpot/101viaggi/1.Conosciamoci meglio/telefono.html]
[www2.filg.uj.edu.pl/_romansos/hotpot/101viaggi/2.Corpo umano/aspetto1_grafica/Alda.jpg]
[www2.filg.uj.edu.pl/_romansos/hotpot/101viaggi/2.Corpo umano/aspetto1_grafica/Alessandro.jpg]
[www2.filg.uj.edu.pl/_romansos/hotpot/101viaggi/2.Corpo umano/aspetto1_grafica/Anna.jpg]
[www2.filg.uj.edu.pl/_romansos/hotpot/101viaggi/2.Corpo umano/aspetto1_grafica/Clara.jpg]
[www2.filg.uj.edu.pl/_romansos/hotpot/101viaggi/2.Corpo umano/aspetto1_grafica/Laura.jpg]
[www2.filg.uj.edu.pl/_romansos/hotpot/101viaggi/2.Corpo umano/aspetto1_grafica/Marta.jpg]
[www2.filg.uj.edu.pl/_romansos/hotpot/101viaggi/2.Corpo umano/aspetto1_grafica/Nadia.jpg]
[www2.filg.uj.edu.pl/_romansos/hotpot/101viaggi/2.Corpo umano/aspetto1_grafica/Paolo.jpg]
[www2.filg.uj.edu.pl/_romansos/hotpot/101viaggi/2.Corpo umano/aspetto1_grafica/Azad.jpg]
[www2.filg.uj.edu.pl/_romansos/hotpot/101viaggi/2.Corpo umano/aspetto1.html]
[www2.filg.uj.edu.pl/_romansos/hotpot/101viaggi/2.Corpo umano/aspetto2.html]
[www2.filg.uj.edu.pl/_romansos/hotpot/101viaggi/2.Corpo umano/aspetto3_grafica/j0404365.gif]
[www2.filg.uj.edu.pl/_romansos/hotpot/101viaggi/2.Corpo umano/aspetto3_grafica/j0404421.gif]
[www2.filg.uj.edu.pl/_romansos/hotpot/101viaggi/2.Corpo umano/aspetto3_grafica/j0410211.gif]
[www2.filg.uj.edu.pl/_romansos/hotpot/101viaggi/2.Corpo umano/aspetto3_grafica/j0410225.gif]
[www2.filg.uj.edu.pl/_romansos/hotpot/101viaggi/2.Corpo umano/aspetto3_grafica/j0411450.gif]
[www2.filg.uj.edu.pl/_romansos/hotpot/101viaggi/2.Corpo umano/aspetto3_grafica/j0411460.gif]
[www2.filg.uj.edu.pl/_romansos/hotpot/101viaggi/2.Corpo umano/aspetto3.html]
[www2.filg.uj.edu.pl/_romansos/hotpot/101viaggi/2.Corpo umano/corpo_grafica/arm-vt.gif]
[www2.filg.uj.edu.pl/_romansos/hotpot/101viaggi/2.Corpo umano/corpo_grafica/back-vt.gif]
[www2.filg.uj.edu.pl/_romansos/hotpot/101viaggi/2.Corpo umano/corpo_grafica/calf-vt.gif]
[www2.filg.uj.edu.pl/_romansos/hotpot/101viaggi/2.Corpo umano/corpo_grafica/elbow-vt.gif]
[www2.filg.uj.edu.pl/_romansos/hotpot/101viaggi/2.Corpo umano/corpo_grafica/finger-vt.gif]
[www2.filg.uj.edu.pl/_romansos/hotpot/101viaggi/2.Corpo umano/corpo_grafica/sole-vt.gif]
[www2.filg.uj.edu.pl/_romansos/hotpot/101viaggi/2.Corpo umano/corpo_grafica/stomach-vt.gif]
[www2.filg.uj.edu.pl/_romansos/hotpot/101viaggi/2.Corpo umano/corpo_grafica/tongue-vt.gif]
[www2.filg.uj.edu.pl/_romansos/hotpot/101viaggi/2.Corpo umano/corpo_grafica/tooth-vt.gif]
[www2.filg.uj.edu.pl/_romansos/hotpot/101viaggi/2.Corpo umano/corpo_grafica/torso-vt.gif]
[www2.filg.uj.edu.pl/_romansos/hotpot/101viaggi/2.Corpo umano/corpo1.html]
[www2.filg.uj.edu.pl/_romansos/hotpot/101viaggi/2.Corpo umano/corpo2_grafica/twarz.jpg]
[www2.filg.uj.edu.pl/_romansos/hotpot/101viaggi/2.Corpo umano/corpo2.html]
[www2.filg.uj.edu.pl/_romansos/hotpot/101viaggi/2.Corpo umano/medico_grafica/medico.jpg]
[www2.filg.uj.edu.pl/_romansos/hotpot/101viaggi/2.Corpo umano/Dal_medico.html]
[www2.filg.uj.edu.pl/_romansos/hotpot/101viaggi/2.Corpo umano/farmaci_grafica/medico3.jpg]
[www2.filg.uj.edu.pl/_romansos/hotpot/101viaggi/2.Corpo umano/Farmaci.html]
[www2.filg.uj.edu.pl/_romansos/hotpot/101viaggi/2.Corpo umano/intruso_med.html]
[www2.filg.uj.edu.pl/_romansos/hotpot/101viaggi/2.Corpo umano/Malattie_grafica/hm00420_.gif]
[www2.filg.uj.edu.pl/_romansos/hotpot/101viaggi/2.Corpo umano/Malattie_grafica/j0359069.gif]
[www2.filg.uj.edu.pl/_romansos/hotpot/101viaggi/2.Corpo umano/Malattie_grafica/j0287160.gif]
[www2.filg.uj.edu.pl/_romansos/hotpot/101viaggi/2.Corpo umano/Malattie_grafica/j0332556.gif]
[www2.filg.uj.edu.pl/_romansos/hotpot/101viaggi/2.Corpo umano/Malattie_grafica/j0343431.gif]
[www2.filg.uj.edu.pl/_romansos/hotpot/101viaggi/2.Corpo umano/Malattie_grafica/hm00492_.gif]
[www2.filg.uj.edu.pl/_romansos/hotpot/101viaggi/2.Corpo umano/malattie.html]
[www2.filg.uj.edu.pl/_romansos/hotpot/101viaggi/2.Corpo umano/ogetti_corpo.html]
[www2.filg.uj.edu.pl/_romansos/hotpot/101viaggi/2.Corpo umano/quiz_medicina.html]
[www2.filg.uj.edu.pl/_romansos/hotpot/101viaggi/3.Cucina/Alimentazione.html]
[www2.filg.uj.edu.pl/_romansos/hotpot/101viaggi/3.Cucina/bevande_grafica/latte.gif]
[www2.filg.uj.edu.pl/_romansos/hotpot/101viaggi/3.Cucina/bevande_grafica/acqua.gif]
[www2.filg.uj.edu.pl/_romansos/hotpot/101viaggi/3.Cucina/bevande_grafica/te.gif]
[www2.filg.uj.edu.pl/_romansos/hotpot/101viaggi/3.Cucina/bevande_grafica/vino1.gif]
[www2.filg.uj.edu.pl/_romansos/hotpot/101viaggi/3.Cucina/bevande_grafica/caffe.gif]
[www2.filg.uj.edu.pl/_romansos/hotpot/101viaggi/3.Cucina/bevande_grafica/vino2.gif]
[www2.filg.uj.edu.pl/_romansos/hotpot/101viaggi/3.Cucina/bevande_grafica/succo.gif]
[www2.filg.uj.edu.pl/_romansos/hotpot/101viaggi/3.Cucina/bevande.html]
[www2.filg.uj.edu.pl/_romansos/hotpot/101viaggi/3.Cucina/cucina.html]
[www2.filg.uj.edu.pl/_romansos/hotpot/101viaggi/3.Cucina/cucinare_grafica/fd01086_.gif]
[www2.filg.uj.edu.pl/_romansos/hotpot/101viaggi/3.Cucina/cucinare_grafica/j0229001.gif]
[www2.filg.uj.edu.pl/_romansos/hotpot/101viaggi/3.Cucina/cucinare_grafica/j0290263.gif]
[www2.filg.uj.edu.pl/_romansos/hotpot/101viaggi/3.Cucina/cucinare_grafica/j0347401.gif]
[www2.filg.uj.edu.pl/_romansos/hotpot/101viaggi/3.Cucina/cucinare_grafica/j0347403.gif]
[www2.filg.uj.edu.pl/_romansos/hotpot/101viaggi/3.Cucina/cucinare_grafica/j0347407.gif]
[www2.filg.uj.edu.pl/_romansos/hotpot/101viaggi/3.Cucina/cucinare_grafica/j0347413.gif]
[www2.filg.uj.edu.pl/_romansos/hotpot/101viaggi/3.Cucina/cucinare_grafica/j0347421.gif]
[www2.filg.uj.edu.pl/_romansos/hotpot/101viaggi/3.Cucina/cucinare_grafica/j0347429.gif]
[www2.filg.uj.edu.pl/_romansos/hotpot/101viaggi/3.Cucina/cucinare_grafica/j0360908.gif]
[www2.filg.uj.edu.pl/_romansos/hotpot/101viaggi/3.Cucina/cucinare_grafica/j0409837.gif]
[www2.filg.uj.edu.pl/_romansos/hotpot/101viaggi/3.Cucina/cucinare.html]
[www2.filg.uj.edu.pl/_romansos/hotpot/101viaggi/3.Cucina/frutta_grafica/fruit-vt.gif]
[www2.filg.uj.edu.pl/_romansos/hotpot/101viaggi/3.Cucina/frutta_grafica/apple-vt.gif]
[www2.filg.uj.edu.pl/_romansos/hotpot/101viaggi/3.Cucina/frutta_grafica/banana-wt.gif]
[www2.filg.uj.edu.pl/_romansos/hotpot/101viaggi/3.Cucina/frutta_grafica/grapes-vt.gif]
[www2.filg.uj.edu.pl/_romansos/hotpot/101viaggi/3.Cucina/frutta_grafica/lemon-vt.gif]
[www2.filg.uj.edu.pl/_romansos/hotpot/101viaggi/3.Cucina/frutta_grafica/orange1-vt.gif]
[www2.filg.uj.edu.pl/_romansos/hotpot/101viaggi/3.Cucina/frutta_grafica/peach-vt.gif]
[www2.filg.uj.edu.pl/_romansos/hotpot/101viaggi/3.Cucina/frutta_grafica/pineapple-vt.gif]
[www2.filg.uj.edu.pl/_romansos/hotpot/101viaggi/3.Cucina/frutta_grafica/strawberry-vt.gif]
[www2.filg.uj.edu.pl/_romansos/hotpot/101viaggi/3.Cucina/frutta_grafica/watermelon-vt.gif]
[www2.filg.uj.edu.pl/_romansos/hotpot/101viaggi/3.Cucina/frutta.html]
[www2.filg.uj.edu.pl/_romansos/hotpot/101viaggi/3.Cucina/locali.html]
[www2.filg.uj.edu.pl/_romansos/hotpot/101viaggi/3.Cucina/obrazki_menu/fd01000_.gif]
[www2.filg.uj.edu.pl/_romansos/hotpot/101viaggi/3.Cucina/obrazki_menu/j0413334.gif]
[www2.filg.uj.edu.pl/_romansos/hotpot/101viaggi/3.Cucina/obrazki_menu/j0412948.gif]
[www2.filg.uj.edu.pl/_romansos/hotpot/101viaggi/3.Cucina/obrazki_menu/j0250807.gif]
[www2.filg.uj.edu.pl/_romansos/hotpot/101viaggi/3.Cucina/obrazki_menu/j0250846.gif]
[www2.filg.uj.edu.pl/_romansos/hotpot/101viaggi/3.Cucina/obrazki_menu/j0411182.gif]
[www2.filg.uj.edu.pl/_romansos/hotpot/101viaggi/3.Cucina/obrazki_menu/j0413222.gif]
[www2.filg.uj.edu.pl/_romansos/hotpot/101viaggi/3.Cucina/obrazki_menu/j0413250.gif]
[www2.filg.uj.edu.pl/_romansos/hotpot/101viaggi/3.Cucina/obrazki_menu/j0413296.gif]
[www2.filg.uj.edu.pl/_romansos/hotpot/101viaggi/3.Cucina/obrazki_menu/j0233353.gif]
[www2.filg.uj.edu.pl/_romansos/hotpot/101viaggi/3.Cucina/obrazki_menu/j0413214.gif]
[www2.filg.uj.edu.pl/_romansos/hotpot/101viaggi/3.Cucina/obrazki_menu/j0198164.gif]
[www2.filg.uj.edu.pl/_romansos/hotpot/101viaggi/3.Cucina/menu.html]
[www2.filg.uj.edu.pl/_romansos/hotpot/101viaggi/3.Cucina/pane_grafica/pane.jpg]
[www2.filg.uj.edu.pl/_romansos/hotpot/101viaggi/3.Cucina/pane.html]
[www2.filg.uj.edu.pl/_romansos/hotpot/101viaggi/3.Cucina/pasta_grafica/tagliatelle.jpg]
[www2.filg.uj.edu.pl/_romansos/hotpot/101viaggi/3.Cucina/pasta.html]
[www2.filg.uj.edu.pl/_romansos/hotpot/101viaggi/3.Cucina/ricette.html]
[www2.filg.uj.edu.pl/_romansos/hotpot/101viaggi/3.Cucina/ristorante.html]
[www2.filg.uj.edu.pl/_romansos/hotpot/101viaggi/3.Cucina/ristoranti.html]
[www2.filg.uj.edu.pl/_romansos/hotpot/101viaggi/3.Cucina/verdura_grafica/cipolla.jpg]
[www2.filg.uj.edu.pl/_romansos/hotpot/101viaggi/3.Cucina/verdura_grafica/aglio.jpg]
[www2.filg.uj.edu.pl/_romansos/hotpot/101viaggi/3.Cucina/verdura_grafica/barbabietola.jpg]
[www2.filg.uj.edu.pl/_romansos/hotpot/101viaggi/3.Cucina/verdura_grafica/carota.jpg]
[www2.filg.uj.edu.pl/_romansos/hotpot/101viaggi/3.Cucina/verdura_grafica/cetriolo.jpg]
[www2.filg.uj.edu.pl/_romansos/hotpot/101viaggi/3.Cucina/verdura_grafica/patate.gif]
[www2.filg.uj.edu.pl/_romansos/hotpot/101viaggi/3.Cucina/verdure1.html]
[www2.filg.uj.edu.pl/_romansos/hotpot/101viaggi/3.Cucina/verdura_grafica/melanzane.gif]
[www2.filg.uj.edu.pl/_romansos/hotpot/101viaggi/3.Cucina/verdura_grafica/carote.gif]
[www2.filg.uj.edu.pl/_romansos/hotpot/101viaggi/3.Cucina/verdura_grafica/peperone.gif]
[www2.filg.uj.edu.pl/_romansos/hotpot/101viaggi/3.Cucina/verdura_grafica/zucca.gif]
[www2.filg.uj.edu.pl/_romansos/hotpot/101viaggi/3.Cucina/verdura_grafica/pomodoro.gif]
[www2.filg.uj.edu.pl/_romansos/hotpot/101viaggi/3.Cucina/verdura_grafica/mais.gif]
[www2.filg.uj.edu.pl/_romansos/hotpot/101viaggi/3.Cucina/verdure2.html]
[www2.filg.uj.edu.pl/_romansos/hotpot/101viaggi/3.Cucina/verdura_grafica/insalata.gif]
[www2.filg.uj.edu.pl/_romansos/hotpot/101viaggi/3.Cucina/verdura_grafica/carciofo.gif]
[www2.filg.uj.edu.pl/_romansos/hotpot/101viaggi/3.Cucina/verdura_grafica/cavolfiore.gif]
[www2.filg.uj.edu.pl/_romansos/hotpot/101viaggi/3.Cucina/verdura_grafica/zucchina.gif]
[www2.filg.uj.edu.pl/_romansos/hotpot/101viaggi/3.Cucina/verdura_grafica/asparagi.gif]
[www2.filg.uj.edu.pl/_romansos/hotpot/101viaggi/3.Cucina/verdura_grafica/olive.gif]
[www2.filg.uj.edu.pl/_romansos/hotpot/101viaggi/3.Cucina/verdure3.html]
[www2.filg.uj.edu.pl/_romansos/hotpot/101viaggi/4.Casa/annunci.html]
[www2.filg.uj.edu.pl/_romansos/hotpot/101viaggi/4.Casa/bagno_grafica/hh01602_.gif]
[www2.filg.uj.edu.pl/_romansos/hotpot/101viaggi/4.Casa/bagno_grafica/j0281287.gif]
[www2.filg.uj.edu.pl/_romansos/hotpot/101viaggi/4.Casa/bagno_grafica/j0290018.gif]
[www2.filg.uj.edu.pl/_romansos/hotpot/101viaggi/4.Casa/bagno_grafica/j0290066.gif]
[www2.filg.uj.edu.pl/_romansos/hotpot/101viaggi/4.Casa/bagno_grafica/j0290452.gif]
[www2.filg.uj.edu.pl/_romansos/hotpot/101viaggi/4.Casa/bagno_grafica/j0290463.gif]
[www2.filg.uj.edu.pl/_romansos/hotpot/101viaggi/4.Casa/bagno_grafica/j0290951.gif]
[www2.filg.uj.edu.pl/_romansos/hotpot/101viaggi/4.Casa/bagno_grafica/j0351181.gif]
[www2.filg.uj.edu.pl/_romansos/hotpot/101viaggi/4.Casa/bagno.html]
[www2.filg.uj.edu.pl/_romansos/hotpot/101viaggi/4.Casa/bagno_grafica/j0371136.gif]
[www2.filg.uj.edu.pl/_romansos/hotpot/101viaggi/4.Casa/camera_grafica/j0082917.gif]
[www2.filg.uj.edu.pl/_romansos/hotpot/101viaggi/4.Casa/camera_grafica/j0192373.gif]
[www2.filg.uj.edu.pl/_romansos/hotpot/101viaggi/4.Casa/camera_grafica/j0192383.gif]
[www2.filg.uj.edu.pl/_romansos/hotpot/101viaggi/4.Casa/camera_grafica/j0192427.gif]
[www2.filg.uj.edu.pl/_romansos/hotpot/101viaggi/4.Casa/camera_grafica/j0192439.gif]
[www2.filg.uj.edu.pl/_romansos/hotpot/101viaggi/4.Casa/camera_grafica/j0215168.gif]
[www2.filg.uj.edu.pl/_romansos/hotpot/101viaggi/4.Casa/camera_grafica/j0232864.gif]
[www2.filg.uj.edu.pl/_romansos/hotpot/101viaggi/4.Casa/camera_grafica/j0280371.gif]
[www2.filg.uj.edu.pl/_romansos/hotpot/101viaggi/4.Casa/camera_grafica/j0290202.gif]
[www2.filg.uj.edu.pl/_romansos/hotpot/101viaggi/4.Casa/camera_grafica/j0290276.gif]
[www2.filg.uj.edu.pl/_romansos/hotpot/101viaggi/4.Casa/camera_grafica/j0351174.gif]
[www2.filg.uj.edu.pl/_romansos/hotpot/101viaggi/4.Casa/camera.html]
[www2.filg.uj.edu.pl/_romansos/hotpot/101viaggi/4.Casa/casa1_grafica/j0319584.gif]
[www2.filg.uj.edu.pl/_romansos/hotpot/101viaggi/4.Casa/casa1_grafica/j0319588.gif]
[www2.filg.uj.edu.pl/_romansos/hotpot/101viaggi/4.Casa/casa1_grafica/j0319610.gif]
[www2.filg.uj.edu.pl/_romansos/hotpot/101viaggi/4.Casa/casa1_grafica/j0319612.gif]
[www2.filg.uj.edu.pl/_romansos/hotpot/101viaggi/4.Casa/casa1_grafica/j0319616.gif]
[www2.filg.uj.edu.pl/_romansos/hotpot/101viaggi/4.Casa/casa1_grafica/j0319622.gif]
[www2.filg.uj.edu.pl/_romansos/hotpot/101viaggi/4.Casa/casa1_grafica/j0217868.gif]
[www2.filg.uj.edu.pl/_romansos/hotpot/101viaggi/4.Casa/casa1.html]
[www2.filg.uj.edu.pl/_romansos/hotpot/101viaggi/4.Casa/cucina_grafica/j0199208.gif]
[www2.filg.uj.edu.pl/_romansos/hotpot/101viaggi/4.Casa/cucina_grafica/j0199210.gif]
[www2.filg.uj.edu.pl/_romansos/hotpot/101viaggi/4.Casa/cucina_grafica/j0199304.gif]
[www2.filg.uj.edu.pl/_romansos/hotpot/101viaggi/4.Casa/cucina_grafica/j0234460.gif]
[www2.filg.uj.edu.pl/_romansos/hotpot/101viaggi/4.Casa/cucina_grafica/j0239499.gif]
[www2.filg.uj.edu.pl/_romansos/hotpot/101viaggi/4.Casa/cucina_grafica/j0250949.gif]
[www2.filg.uj.edu.pl/_romansos/hotpot/101viaggi/4.Casa/cucina_grafica/j0280361.gif]
[www2.filg.uj.edu.pl/_romansos/hotpot/101viaggi/4.Casa/cucina_grafica/j0280367.gif]
[www2.filg.uj.edu.pl/_romansos/hotpot/101viaggi/4.Casa/cucina_grafica/j0290789.gif]
[www2.filg.uj.edu.pl/_romansos/hotpot/101viaggi/4.Casa/cucina_grafica/j0295816.gif]
[www2.filg.uj.edu.pl/_romansos/hotpot/101viaggi/4.Casa/cucina_grafica/j0311396.gif]
[www2.filg.uj.edu.pl/_romansos/hotpot/101viaggi/4.Casa/cucina_grafica/j0413306.gif]
[www2.filg.uj.edu.pl/_romansos/hotpot/101viaggi/4.Casa/cucina_grafica/hh01915_.gif]
[www2.filg.uj.edu.pl/_romansos/hotpot/101viaggi/4.Casa/cucina_grafica/j0349185.gif]
[www2.filg.uj.edu.pl/_romansos/hotpot/101viaggi/4.Casa/cucina_grafica/j0290956.gif]
[www2.filg.uj.edu.pl/_romansos/hotpot/101viaggi/4.Casa/cucina_grafica/j0112972.gif]
[www2.filg.uj.edu.pl/_romansos/hotpot/101viaggi/4.Casa/cucina.html]
[www2.filg.uj.edu.pl/_romansos/hotpot/101viaggi/4.Casa/cucina_grafica/j0230674.gif]
[www2.filg.uj.edu.pl/_romansos/hotpot/101viaggi/4.Casa/mobili_grafica/carpet-vb.gif]
[www2.filg.uj.edu.pl/_romansos/hotpot/101viaggi/4.Casa/mobili_grafica/lamp-vb.gif]
[www2.filg.uj.edu.pl/_romansos/hotpot/101viaggi/4.Casa/mobili_grafica/door-vb.gif]
[www2.filg.uj.edu.pl/_romansos/hotpot/101viaggi/4.Casa/mobili_grafica/mirror-vb.gif]
[www2.filg.uj.edu.pl/_romansos/hotpot/101viaggi/4.Casa/mobili_grafica/window-vb.gif]
[www2.filg.uj.edu.pl/_romansos/hotpot/101viaggi/4.Casa/mobili_grafica/table-vb.gif]
[www2.filg.uj.edu.pl/_romansos/hotpot/101viaggi/4.Casa/mobili_grafica/chest-of-drawers-vb.gif]
[www2.filg.uj.edu.pl/_romansos/hotpot/101viaggi/4.Casa/mobili_grafica/wardrobe-vb.gif]
[www2.filg.uj.edu.pl/_romansos/hotpot/101viaggi/4.Casa/mobili_grafica/clock-vb.gif]
[www2.filg.uj.edu.pl/_romansos/hotpot/101viaggi/4.Casa/mobili_grafica/shower-head-vb.gif]
[www2.filg.uj.edu.pl/_romansos/hotpot/101viaggi/4.Casa/mobili_grafica/armchair-vb.gif]
[www2.filg.uj.edu.pl/_romansos/hotpot/101viaggi/4.Casa/mobili_grafica/bed-vb.gif]
[www2.filg.uj.edu.pl/_romansos/hotpot/101viaggi/4.Casa/mobili_grafica/desk-vb.gif]
[www2.filg.uj.edu.pl/_romansos/hotpot/101viaggi/4.Casa/mobili_grafica/sink-vb.gif]
[www2.filg.uj.edu.pl/_romansos/hotpot/101viaggi/4.Casa/mobili_grafica/sofa-wb.gif]
[www2.filg.uj.edu.pl/_romansos/hotpot/101viaggi/4.Casa/mobili_grafica/chair-vb.gif]
[www2.filg.uj.edu.pl/_romansos/hotpot/101viaggi/4.Casa/Mobili.html]
[www2.filg.uj.edu.pl/_romansos/hotpot/101viaggi/4.Casa/Pulizie1_grafica/bd05149_.gif]
[www2.filg.uj.edu.pl/_romansos/hotpot/101viaggi/4.Casa/Pulizie1_grafica/j0352364.gif]
[www2.filg.uj.edu.pl/_romansos/hotpot/101viaggi/4.Casa/Pulizie1_grafica/j0250984.gif]
[www2.filg.uj.edu.pl/_romansos/hotpot/101viaggi/4.Casa/Pulizie1_grafica/j0371162.gif]
[www2.filg.uj.edu.pl/_romansos/hotpot/101viaggi/4.Casa/Pulizie1_grafica/j0405974.gif]
[www2.filg.uj.edu.pl/_romansos/hotpot/101viaggi/4.Casa/Pulizie1_grafica/j0408016.gif]
[www2.filg.uj.edu.pl/_romansos/hotpot/101viaggi/4.Casa/pulizie_1.html]
[www2.filg.uj.edu.pl/_romansos/hotpot/101viaggi/4.Casa/pulizie_2.html]
[www2.filg.uj.edu.pl/_romansos/hotpot/101viaggi/4.Casa/CaseTipi_grafica/baita.jpg]
[www2.filg.uj.edu.pl/_romansos/hotpot/101viaggi/4.Casa/CaseTipi_grafica/barca.jpg]
[www2.filg.uj.edu.pl/_romansos/hotpot/101viaggi/4.Casa/CaseTipi_grafica/camper.jpg]
[www2.filg.uj.edu.pl/_romansos/hotpot/101viaggi/4.Casa/CaseTipi_grafica/capanna.jpg]
[www2.filg.uj.edu.pl/_romansos/hotpot/101viaggi/4.Casa/CaseTipi_grafica/castello.jpg]
[www2.filg.uj.edu.pl/_romansos/hotpot/101viaggi/4.Casa/CaseTipi_grafica/condominio.jpg]
[www2.filg.uj.edu.pl/_romansos/hotpot/101viaggi/4.Casa/CaseTipi_grafica/grattacielo.jpg]
[www2.filg.uj.edu.pl/_romansos/hotpot/101viaggi/4.Casa/CaseTipi_grafica/mulino.jpg]
[www2.filg.uj.edu.pl/_romansos/hotpot/101viaggi/4.Casa/CaseTipi_grafica/roulotte.jpg]
[www2.filg.uj.edu.pl/_romansos/hotpot/101viaggi/4.Casa/CaseTipi_grafica/viletta.jpg]
[www2.filg.uj.edu.pl/_romansos/hotpot/101viaggi/4.Casa/CaseTipi_grafica/zattera.jpg]
[www2.filg.uj.edu.pl/_romansos/hotpot/101viaggi/4.Casa/tipi_case.html]
[www2.filg.uj.edu.pl/_romansos/hotpot/101viaggi/5.Natura/Animali africa_grafica/goryl.jpg]
[www2.filg.uj.edu.pl/_romansos/hotpot/101viaggi/5.Natura/Animali africa_grafica/antylopa.jpg]
[www2.filg.uj.edu.pl/_romansos/hotpot/101viaggi/5.Natura/Animali africa_grafica/krokodyl.jpg]
[www2.filg.uj.edu.pl/_romansos/hotpot/101viaggi/5.Natura/Animali africa_grafica/lew.jpg]
[www2.filg.uj.edu.pl/_romansos/hotpot/101viaggi/5.Natura/Animali africa_grafica/malpa.jpg]
[www2.filg.uj.edu.pl/_romansos/hotpot/101viaggi/5.Natura/Animali africa_grafica/papuga.jpg]
[www2.filg.uj.edu.pl/_romansos/hotpot/101viaggi/5.Natura/Animali africa_grafica/tygrys.jpg]
[www2.filg.uj.edu.pl/_romansos/hotpot/101viaggi/5.Natura/Animali africa_grafica/waz.jpg]
[www2.filg.uj.edu.pl/_romansos/hotpot/101viaggi/5.Natura/Animali africa_grafica/wielblad.jpg]
[www2.filg.uj.edu.pl/_romansos/hotpot/101viaggi/5.Natura/animali_africa.html]
[www2.filg.uj.edu.pl/_romansos/hotpot/101viaggi/5.Natura/animali bosco_grafika/cervo1.jpg]
[www2.filg.uj.edu.pl/_romansos/hotpot/101viaggi/5.Natura/animali bosco_grafika/lupo1.jpg]
[www2.filg.uj.edu.pl/_romansos/hotpot/101viaggi/5.Natura/animali bosco_grafika/marmotta1.jpg]
[www2.filg.uj.edu.pl/_romansos/hotpot/101viaggi/5.Natura/animali bosco_grafika/scoiattolo1.jpg]
[www2.filg.uj.edu.pl/_romansos/hotpot/101viaggi/5.Natura/animali bosco_grafika/volpe1.jpg]
[www2.filg.uj.edu.pl/_romansos/hotpot/101viaggi/5.Natura/animali bosco_grafika/riccio1.jpg]
[www2.filg.uj.edu.pl/_romansos/hotpot/101viaggi/5.Natura/animali bosco_grafika/orso1.jpg]
[www2.filg.uj.edu.pl/_romansos/hotpot/101viaggi/5.Natura/animali_bosco.html]
[www2.filg.uj.edu.pl/_romansos/hotpot/101viaggi/5.Natura/Animali fattoria_grafika/beagle.jpg]
[www2.filg.uj.edu.pl/_romansos/hotpot/101viaggi/5.Natura/Animali fattoria_grafika/Hen.jpg]
[www2.filg.uj.edu.pl/_romansos/hotpot/101viaggi/5.Natura/Animali fattoria_grafika/horse.jpg]
[www2.filg.uj.edu.pl/_romansos/hotpot/101viaggi/5.Natura/Animali fattoria_grafika/Rooster.jpg]
[www2.filg.uj.edu.pl/_romansos/hotpot/101viaggi/5.Natura/Animali fattoria_grafika/turkey.jpg]
[www2.filg.uj.edu.pl/_romansos/hotpot/101viaggi/5.Natura/Animali fattoria_grafika/Krowa.jpg]
[www2.filg.uj.edu.pl/_romansos/hotpot/101viaggi/5.Natura/Animali fattoria_grafika/Sheep.jpg]
[www2.filg.uj.edu.pl/_romansos/hotpot/101viaggi/5.Natura/Animali fattoria_grafika/pig.jpg]
[www2.filg.uj.edu.pl/_romansos/hotpot/101viaggi/5.Natura/Animali fattoria_grafika/Cat.jpg]
[www2.filg.uj.edu.pl/_romansos/hotpot/101viaggi/5.Natura/animali_fattoria.html]
[www2.filg.uj.edu.pl/_romansos/hotpot/101viaggi/5.Natura/Fiori1_grafica/j0399615.jpg]
[www2.filg.uj.edu.pl/_romansos/hotpot/101viaggi/5.Natura/Fiori1_grafica/j0399639.jpg]
[www2.filg.uj.edu.pl/_romansos/hotpot/101viaggi/5.Natura/Fiori1_grafica/j0401278.jpg]
[www2.filg.uj.edu.pl/_romansos/hotpot/101viaggi/5.Natura/Fiori1_grafica/j0402030.jpg]
[www2.filg.uj.edu.pl/_romansos/hotpot/101viaggi/5.Natura/Fiori1_grafica/j0407531.jpg]
[www2.filg.uj.edu.pl/_romansos/hotpot/101viaggi/5.Natura/fiori1.html]
[www2.filg.uj.edu.pl/_romansos/hotpot/101viaggi/5.Natura/Indovina_animale.html]
[www2.filg.uj.edu.pl/_romansos/hotpot/101viaggi/5.Natura/Insetti_grafica/an00583_.gif]
[www2.filg.uj.edu.pl/_romansos/hotpot/101viaggi/5.Natura/Insetti_grafica/j0083970.gif]
[www2.filg.uj.edu.pl/_romansos/hotpot/101viaggi/5.Natura/Insetti_grafica/j0346891.gif]
[www2.filg.uj.edu.pl/_romansos/hotpot/101viaggi/5.Natura/Insetti_grafica/j0346925.gif]
[www2.filg.uj.edu.pl/_romansos/hotpot/101viaggi/5.Natura/Insetti_grafica/j0346897.gif]
[www2.filg.uj.edu.pl/_romansos/hotpot/101viaggi/5.Natura/Insetti_grafica/j0346895.gif]
[www2.filg.uj.edu.pl/_romansos/hotpot/101viaggi/5.Natura/insetti.html]
[www2.filg.uj.edu.pl/_romansos/hotpot/101viaggi/5.Natura/natura.html]
[www2.filg.uj.edu.pl/_romansos/hotpot/101viaggi/5.Natura/Paesaggi_grafica/j0181626.jpg]
[www2.filg.uj.edu.pl/_romansos/hotpot/101viaggi/5.Natura/Paesaggi_grafica/j0201330.jpg]
[www2.filg.uj.edu.pl/_romansos/hotpot/101viaggi/5.Natura/Paesaggi_grafica/j0399399.jpg]
[www2.filg.uj.edu.pl/_romansos/hotpot/101viaggi/5.Natura/Paesaggi_grafica/j0401016.jpg]
[www2.filg.uj.edu.pl/_romansos/hotpot/101viaggi/5.Natura/Paesaggi_grafica/j0401295.jpg]
[www2.filg.uj.edu.pl/_romansos/hotpot/101viaggi/5.Natura/Paesaggi_grafica/j0403845.jpg]
[www2.filg.uj.edu.pl/_romansos/hotpot/101viaggi/5.Natura/paesaggi.html]
[www2.filg.uj.edu.pl/_romansos/hotpot/101viaggi/5.Natura/Alberi_grafica/Cipressi.jpg]
[www2.filg.uj.edu.pl/_romansos/hotpot/101viaggi/5.Natura/Alberi_grafica/Foglia.jpg]
[www2.filg.uj.edu.pl/_romansos/hotpot/101viaggi/5.Natura/Alberi_grafica/j0145038.jpg]
[www2.filg.uj.edu.pl/_romansos/hotpot/101viaggi/5.Natura/Alberi_grafica/j0401229.jpg]
[www2.filg.uj.edu.pl/_romansos/hotpot/101viaggi/5.Natura/Alberi_grafica/j0401353.jpg]
[www2.filg.uj.edu.pl/_romansos/hotpot/101viaggi/5.Natura/Alberi_grafica/Pino.jpg]
[www2.filg.uj.edu.pl/_romansos/hotpot/101viaggi/5.Natura/Alberi_grafica/prato.jpg]
[www2.filg.uj.edu.pl/_romansos/hotpot/101viaggi/5.Natura/piante.html]
[www2.filg.uj.edu.pl/_romansos/hotpot/101viaggi/6.Spesa/banca.html]
[www2.filg.uj.edu.pl/_romansos/hotpot/101viaggi/6.Spesa/colori_grafica/new-vt.gif]
[www2.filg.uj.edu.pl/_romansos/hotpot/101viaggi/6.Spesa/colori_grafica/black-vt.gif]
[www2.filg.uj.edu.pl/_romansos/hotpot/101viaggi/6.Spesa/colori_grafica/blue-vt.gif]
[www2.filg.uj.edu.pl/_romansos/hotpot/101viaggi/6.Spesa/colori_grafica/brown-vt.gif]
[www2.filg.uj.edu.pl/_romansos/hotpot/101viaggi/6.Spesa/colori_grafica/colour-light-blue-vt.gif]
[www2.filg.uj.edu.pl/_romansos/hotpot/101viaggi/6.Spesa/colori_grafica/green-vt.gif]
[www2.filg.uj.edu.pl/_romansos/hotpot/101viaggi/6.Spesa/colori_grafica/grey-vt.gif]
[www2.filg.uj.edu.pl/_romansos/hotpot/101viaggi/6.Spesa/colori_grafica/orange-vt.gif]
[www2.filg.uj.edu.pl/_romansos/hotpot/101viaggi/6.Spesa/colori_grafica/pink-vt.gif]
[www2.filg.uj.edu.pl/_romansos/hotpot/101viaggi/6.Spesa/colori_grafica/red-vt.gif]
[www2.filg.uj.edu.pl/_romansos/hotpot/101viaggi/6.Spesa/colori_grafica/white-vt.gif]
[www2.filg.uj.edu.pl/_romansos/hotpot/101viaggi/6.Spesa/colori_grafica/yellow-vt.gif]
[www2.filg.uj.edu.pl/_romansos/hotpot/101viaggi/6.Spesa/Colori.html]
[www2.filg.uj.edu.pl/_romansos/hotpot/101viaggi/6.Spesa/negozi.html]
[www2.filg.uj.edu.pl/_romansos/hotpot/101viaggi/6.Spesa/grafica_negozio/buy-vt.gif]
[www2.filg.uj.edu.pl/_romansos/hotpot/101viaggi/6.Spesa/grafica_negozio/cheap-vt.gif]
[www2.filg.uj.edu.pl/_romansos/hotpot/101viaggi/6.Spesa/grafica_negozio/cash-register-vt.gif]
[www2.filg.uj.edu.pl/_romansos/hotpot/101viaggi/6.Spesa/grafica_negozio/creditcard-vt.gif]
[www2.filg.uj.edu.pl/_romansos/hotpot/101viaggi/6.Spesa/grafica_negozio/expensive-vt.gif]
[www2.filg.uj.edu.pl/_romansos/hotpot/101viaggi/6.Spesa/grafica_negozio/money-coins-vt.gif]
[www2.filg.uj.edu.pl/_romansos/hotpot/101viaggi/6.Spesa/grafica_negozio/money-notes-vt.gif]
[www2.filg.uj.edu.pl/_romansos/hotpot/101viaggi/6.Spesa/grafica_negozio/money-vt.gif]
[www2.filg.uj.edu.pl/_romansos/hotpot/101viaggi/6.Spesa/grafica_negozio/pay-vt.gif]
[www2.filg.uj.edu.pl/_romansos/hotpot/101viaggi/6.Spesa/grafica_negozio/receipt-vt.gif]
[www2.filg.uj.edu.pl/_romansos/hotpot/101viaggi/6.Spesa/grafica_negozio/sale-vt.gif]
[www2.filg.uj.edu.pl/_romansos/hotpot/101viaggi/6.Spesa/grafica_negozio/sell-vt.gif]
[www2.filg.uj.edu.pl/_romansos/hotpot/101viaggi/6.Spesa/grafica_negozio/trolley-vt.gif]
[www2.filg.uj.edu.pl/_romansos/hotpot/101viaggi/6.Spesa/nelnegozio2.html]
[www2.filg.uj.edu.pl/_romansos/hotpot/101viaggi/6.Spesa/nelnegozio.html]
[www2.filg.uj.edu.pl/_romansos/hotpot/101viaggi/6.Spesa/Oggetti.html]
[www2.filg.uj.edu.pl/_romansos/hotpot/101viaggi/6.Spesa/posta_grafica/address-vt.gif]
[www2.filg.uj.edu.pl/_romansos/hotpot/101viaggi/6.Spesa/posta_grafica/envelope-vt.gif]
[www2.filg.uj.edu.pl/_romansos/hotpot/101viaggi/6.Spesa/posta_grafica/letter-vt.gif]
[www2.filg.uj.edu.pl/_romansos/hotpot/101viaggi/6.Spesa/posta_grafica/postcard-vt.gif]
[www2.filg.uj.edu.pl/_romansos/hotpot/101viaggi/6.Spesa/posta_grafica/stamp-wt.gif]
[www2.filg.uj.edu.pl/_romansos/hotpot/101viaggi/6.Spesa/posta.html]
[www2.filg.uj.edu.pl/_romansos/hotpot/101viaggi/6.Spesa/spesa1.html]
[www2.filg.uj.edu.pl/_romansos/hotpot/101viaggi/6.Spesa/spesa2.html]
[www2.filg.uj.edu.pl/_romansos/hotpot/101viaggi/6.Spesa/vestiti_grafica/trousers-vb.gif]
[www2.filg.uj.edu.pl/_romansos/hotpot/101viaggi/6.Spesa/vestiti_grafica/beretto.jpg]
[www2.filg.uj.edu.pl/_romansos/hotpot/101viaggi/6.Spesa/vestiti_grafica/handbag-vb.gif]
[www2.filg.uj.edu.pl/_romansos/hotpot/101viaggi/6.Spesa/vestiti_grafica/hat-wb.gif]
[www2.filg.uj.edu.pl/_romansos/hotpot/101viaggi/6.Spesa/vestiti_grafica/costme da bagno.jpg]
[www2.filg.uj.edu.pl/_romansos/hotpot/101viaggi/6.Spesa/vestiti_grafica/tie-wb.gif]
[www2.filg.uj.edu.pl/_romansos/hotpot/101viaggi/6.Spesa/vestiti_grafica/jeanjacket-wb.gif]
[www2.filg.uj.edu.pl/_romansos/hotpot/101viaggi/6.Spesa/vestiti_grafica/belt-vb.gif]
[www2.filg.uj.edu.pl/_romansos/hotpot/101viaggi/6.Spesa/vestiti_grafica/duffelcoat-vb.gif]
[www2.filg.uj.edu.pl/_romansos/hotpot/101viaggi/6.Spesa/vestiti_grafica/shirt-vb.gif]
[www2.filg.uj.edu.pl/_romansos/hotpot/101viaggi/6.Spesa/vestiti_grafica/glasses-vb.gif]
[www2.filg.uj.edu.pl/_romansos/hotpot/101viaggi/6.Spesa/vestiti_grafica/necklace-vb.gif]
[www2.filg.uj.edu.pl/_romansos/hotpot/101viaggi/6.Spesa/vestiti_grafica/socks-wb.gif]
[www2.filg.uj.edu.pl/_romansos/hotpot/101viaggi/6.Spesa/vestiti_grafica/skirt-wb.gif]
[www2.filg.uj.edu.pl/_romansos/hotpot/101viaggi/6.Spesa/vestiti_grafica/suit-vb.gif]
[www2.filg.uj.edu.pl/_romansos/hotpot/101viaggi/6.Spesa/vestiti_grafica/scarf-vb.gif]
[www2.filg.uj.edu.pl/_romansos/hotpot/101viaggi/6.Spesa/vestiti_grafica/shoes-wb.gif]
[www2.filg.uj.edu.pl/_romansos/hotpot/101viaggi/6.Spesa/vestiti_grafica/shirt2-wb.gif]
[www2.filg.uj.edu.pl/_romansos/hotpot/101viaggi/6.Spesa/vestiti_grafica/button-vb.gif]
[www2.filg.uj.edu.pl/_romansos/hotpot/101viaggi/6.Spesa/Vestiti.html]
[www2.filg.uj.edu.pl/_romansos/hotpot/101viaggi/6.Spesa/vestiti_grafica/collar-vb.gif]
[www2.filg.uj.edu.pl/_romansos/hotpot/101viaggi/7.Viaggi/Alberghi.html]
[www2.filg.uj.edu.pl/_romansos/hotpot/101viaggi/7.Viaggi/albergo1_grafica/segni/centro.gif]
[www2.filg.uj.edu.pl/_romansos/hotpot/101viaggi/7.Viaggi/albergo1_grafica/segni/singola.gif]
[www2.filg.uj.edu.pl/_romansos/hotpot/101viaggi/7.Viaggi/albergo1_grafica/segni/doppia.gif]
[www2.filg.uj.edu.pl/_romansos/hotpot/101viaggi/7.Viaggi/albergo1_grafica/segni/disabili.gif]
[www2.filg.uj.edu.pl/_romansos/hotpot/101viaggi/7.Viaggi/albergo1_grafica/segni/cani.gif]
[www2.filg.uj.edu.pl/_romansos/hotpot/101viaggi/7.Viaggi/albergo1_grafica/segni/ascensore.gif]
[www2.filg.uj.edu.pl/_romansos/hotpot/101viaggi/7.Viaggi/albergo1_grafica/segni/bar.gif]
[www2.filg.uj.edu.pl/_romansos/hotpot/101viaggi/7.Viaggi/albergo1_grafica/segni/lavanderia.gif]
[www2.filg.uj.edu.pl/_romansos/hotpot/101viaggi/7.Viaggi/albergo1_grafica/segni/parcheggio.gif]
[www2.filg.uj.edu.pl/_romansos/hotpot/101viaggi/7.Viaggi/albergo1_grafica/segni/pizzeria.gif]
[www2.filg.uj.edu.pl/_romansos/hotpot/101viaggi/7.Viaggi/albergo1_grafica/segni/ristorante.gif]
[www2.filg.uj.edu.pl/_romansos/hotpot/101viaggi/7.Viaggi/albergo1_grafica/segni/aria.gif]
[www2.filg.uj.edu.pl/_romansos/hotpot/101viaggi/7.Viaggi/albergo1_grafica/segni/asciugacapelli.gif]
[www2.filg.uj.edu.pl/_romansos/hotpot/101viaggi/7.Viaggi/albergo1_grafica/segni/cassaforte.gif]
[www2.filg.uj.edu.pl/_romansos/hotpot/101viaggi/7.Viaggi/albergo1_grafica/segni/frigobar.gif]
[www2.filg.uj.edu.pl/_romansos/hotpot/101viaggi/7.Viaggi/albergo1_grafica/segni/riscaldamento.gif]
[www2.filg.uj.edu.pl/_romansos/hotpot/101viaggi/7.Viaggi/albergo1_grafica/segni/telefono.gif]
[www2.filg.uj.edu.pl/_romansos/hotpot/101viaggi/7.Viaggi/albergo1_grafica/segni/tv.gif]
[www2.filg.uj.edu.pl/_romansos/hotpot/101viaggi/7.Viaggi/albergo1_grafica/segni/internet.gif]
[www2.filg.uj.edu.pl/_romansos/hotpot/101viaggi/7.Viaggi/albergo1_grafica/segni/bici.gif]
[www2.filg.uj.edu.pl/_romansos/hotpot/101viaggi/7.Viaggi/albergo1_grafica/segni/piscina.gif]
[www2.filg.uj.edu.pl/_romansos/hotpot/101viaggi/7.Viaggi/albergo1_grafica/segni/sauna.gif]
[www2.filg.uj.edu.pl/_romansos/hotpot/101viaggi/7.Viaggi/albergo1_grafica/segni/tennis.gif]
[www2.filg.uj.edu.pl/_romansos/hotpot/101viaggi/7.Viaggi/albergo1_grafica/segni/calazione.gif]
[www2.filg.uj.edu.pl/_romansos/hotpot/101viaggi/7.Viaggi/albergo1.html]
[www2.filg.uj.edu.pl/_romansos/hotpot/101viaggi/7.Viaggi/albergo2.html]
[www2.filg.uj.edu.pl/_romansos/hotpot/101viaggi/7.Viaggi/albergo3_grafica/j0397885.gif]
[www2.filg.uj.edu.pl/_romansos/hotpot/101viaggi/7.Viaggi/albergo3_grafica/j0339450.gif]
[www2.filg.uj.edu.pl/_romansos/hotpot/101viaggi/7.Viaggi/albergo3_grafica/j0404107.gif]
[www2.filg.uj.edu.pl/_romansos/hotpot/101viaggi/7.Viaggi/albergo3.html]
[www2.filg.uj.edu.pl/_romansos/hotpot/101viaggi/7.Viaggi/citta_grafica/airport-vt.gif]
[www2.filg.uj.edu.pl/_romansos/hotpot/101viaggi/7.Viaggi/citta_grafica/art-gallery-vt.gif]
[www2.filg.uj.edu.pl/_romansos/hotpot/101viaggi/7.Viaggi/citta_grafica/bank-vt.gif]
[www2.filg.uj.edu.pl/_romansos/hotpot/101viaggi/7.Viaggi/citta_grafica/church-vt.gif]
[www2.filg.uj.edu.pl/_romansos/hotpot/101viaggi/7.Viaggi/citta_grafica/cinema-vt.gif]
[www2.filg.uj.edu.pl/_romansos/hotpot/101viaggi/7.Viaggi/citta_grafica/factory-vt.gif]
[www2.filg.uj.edu.pl/_romansos/hotpot/101viaggi/7.Viaggi/citta_grafica/gas-station-vt.gif]
[www2.filg.uj.edu.pl/_romansos/hotpot/101viaggi/7.Viaggi/citta_grafica/museum-vt.gif]
[www2.filg.uj.edu.pl/_romansos/hotpot/101viaggi/7.Viaggi/citta_grafica/post-office-vt.gif]
[www2.filg.uj.edu.pl/_romansos/hotpot/101viaggi/7.Viaggi/citta_grafica/restaurant-vt.gif]
[www2.filg.uj.edu.pl/_romansos/hotpot/101viaggi/7.Viaggi/citta_grafica/stadium-vt.gif]
[www2.filg.uj.edu.pl/_romansos/hotpot/101viaggi/7.Viaggi/citta.html]
[www2.filg.uj.edu.pl/_romansos/hotpot/101viaggi/7.Viaggi/equipaggio_grafica/j0215615.gif]
[www2.filg.uj.edu.pl/_romansos/hotpot/101viaggi/7.Viaggi/equipaggio_grafica/j0198976.gif]
[www2.filg.uj.edu.pl/_romansos/hotpot/101viaggi/7.Viaggi/equipaggio_grafica/j0215618.gif]
[www2.filg.uj.edu.pl/_romansos/hotpot/101viaggi/7.Viaggi/equipaggio_grafica/j0230001.gif]
[www2.filg.uj.edu.pl/_romansos/hotpot/101viaggi/7.Viaggi/equipaggio_grafica/j0290903.gif]
[www2.filg.uj.edu.pl/_romansos/hotpot/101viaggi/7.Viaggi/equipaggio_grafica/j0295890.gif]
[www2.filg.uj.edu.pl/_romansos/hotpot/101viaggi/7.Viaggi/equipaggio_grafica/j0296106.gif]
[www2.filg.uj.edu.pl/_romansos/hotpot/101viaggi/7.Viaggi/equipaggio_grafica/j0299949.gif]
[www2.filg.uj.edu.pl/_romansos/hotpot/101viaggi/7.Viaggi/equipaggio_grafica/j0320878.gif]
[www2.filg.uj.edu.pl/_romansos/hotpot/101viaggi/7.Viaggi/equipaggio_grafica/j0353587.gif]
[www2.filg.uj.edu.pl/_romansos/hotpot/101viaggi/7.Viaggi/equipaggio_grafica/j0404059.gif]
[www2.filg.uj.edu.pl/_romansos/hotpot/101viaggi/7.Viaggi/equipaggio_grafica/j0405982.gif]
[www2.filg.uj.edu.pl/_romansos/hotpot/101viaggi/7.Viaggi/equipaggio.html]
[www2.filg.uj.edu.pl/_romansos/hotpot/101viaggi/7.Viaggi/transporto_grafica/j0150076.gif]
[www2.filg.uj.edu.pl/_romansos/hotpot/101viaggi/7.Viaggi/transporto_grafica/j0197893.gif]
[www2.filg.uj.edu.pl/_romansos/hotpot/101viaggi/7.Viaggi/transporto_grafica/j0295617.gif]
[www2.filg.uj.edu.pl/_romansos/hotpot/101viaggi/7.Viaggi/transporto_grafica/j0311968.gif]
[www2.filg.uj.edu.pl/_romansos/hotpot/101viaggi/7.Viaggi/transporto_grafica/j0320932.gif]
[www2.filg.uj.edu.pl/_romansos/hotpot/101viaggi/7.Viaggi/transporto_grafica/j0320986.gif]
[www2.filg.uj.edu.pl/_romansos/hotpot/101viaggi/7.Viaggi/transporto_grafica/j0320974.gif]
[www2.filg.uj.edu.pl/_romansos/hotpot/101viaggi/7.Viaggi/transporto_grafica/j0353710.gif]
[www2.filg.uj.edu.pl/_romansos/hotpot/101viaggi/7.Viaggi/transporto_grafica/j0404601.gif]
[www2.filg.uj.edu.pl/_romansos/hotpot/101viaggi/7.Viaggi/transporto_grafica/j0405932.gif]
[www2.filg.uj.edu.pl/_romansos/hotpot/101viaggi/7.Viaggi/trasporto.html]
[www2.filg.uj.edu.pl/_romansos/hotpot/101viaggi/7.Viaggi/vacanze.html]
[www2.filg.uj.edu.pl/_romansos/hotpot/101viaggi/7.Viaggi/Viaggio1.html]
[www2.filg.uj.edu.pl/_romansos/hotpot/101viaggi/7.Viaggi/viaggio2.html]
[www2.filg.uj.edu.pl/_romansos/hotpot/101viaggi/7.Viaggi/viaggio3.html]
[www2.filg.uj.edu.pl/_romansos/hotpot/101viaggi/7.Viaggi/Viaggio_aereo.html]
[www2.filg.uj.edu.pl/_romansos/hotpot/101viaggi/8.Tempo libero/feste.html]
[www2.filg.uj.edu.pl/_romansos/hotpot/101viaggi/8.Tempo libero/film_generi.html]
[www2.filg.uj.edu.pl/_romansos/hotpot/101viaggi/8.Tempo libero/film_quiz.html]
[www2.filg.uj.edu.pl/_romansos/hotpot/101viaggi/8.Tempo libero/musica_grafica/drum-set-vt.gif]
[www2.filg.uj.edu.pl/_romansos/hotpot/101viaggi/8.Tempo libero/musica_grafica/flute-vt.gif]
[www2.filg.uj.edu.pl/_romansos/hotpot/101viaggi/8.Tempo libero/musica_grafica/guitar-acoustic-vt.gif]
[www2.filg.uj.edu.pl/_romansos/hotpot/101viaggi/8.Tempo libero/musica_grafica/piano-vt.gif]
[www2.filg.uj.edu.pl/_romansos/hotpot/101viaggi/8.Tempo libero/musica_grafica/tambourine-vt.gif]
[www2.filg.uj.edu.pl/_romansos/hotpot/101viaggi/8.Tempo libero/musica_grafica/trumpet-vt.gif]
[www2.filg.uj.edu.pl/_romansos/hotpot/101viaggi/8.Tempo libero/musica_grafica/violin-vt.gif]
[www2.filg.uj.edu.pl/_romansos/hotpot/101viaggi/8.Tempo libero/instrumenti.html]
[www2.filg.uj.edu.pl/_romansos/hotpot/101viaggi/8.Tempo libero/intrattenimenti.html]
[www2.filg.uj.edu.pl/_romansos/hotpot/101viaggi/8.Tempo libero/libri1.html]
[www2.filg.uj.edu.pl/_romansos/hotpot/101viaggi/8.Tempo libero/libri2.html]
[www2.filg.uj.edu.pl/_romansos/hotpot/101viaggi/8.Tempo libero/grafica_passatempi/j0396852.gif]
[www2.filg.uj.edu.pl/_romansos/hotpot/101viaggi/8.Tempo libero/grafica_passatempi/j0295734.gif]
[www2.filg.uj.edu.pl/_romansos/hotpot/101viaggi/8.Tempo libero/grafica_passatempi/j0198644.gif]
[www2.filg.uj.edu.pl/_romansos/hotpot/101viaggi/8.Tempo libero/grafica_passatempi/j0216522.gif]
[www2.filg.uj.edu.pl/_romansos/hotpot/101viaggi/8.Tempo libero/grafica_passatempi/j0407982.gif]
[www2.filg.uj.edu.pl/_romansos/hotpot/101viaggi/8.Tempo libero/grafica_passatempi/j0410907.gif]
[www2.filg.uj.edu.pl/_romansos/hotpot/101viaggi/8.Tempo libero/grafica_passatempi/j0415454.gif]
[www2.filg.uj.edu.pl/_romansos/hotpot/101viaggi/8.Tempo libero/grafica_passatempi/j0404601.gif]
[www2.filg.uj.edu.pl/_romansos/hotpot/101viaggi/8.Tempo libero/grafica_passatempi/j0396836.gif]
[www2.filg.uj.edu.pl/_romansos/hotpot/101viaggi/8.Tempo libero/grafica_passatempi/j0396952.gif]
[www2.filg.uj.edu.pl/_romansos/hotpot/101viaggi/8.Tempo libero/grafica_passatempi/j0410523.gif]
[www2.filg.uj.edu.pl/_romansos/hotpot/101viaggi/8.Tempo libero/grafica_passatempi/j0239911.gif]
[www2.filg.uj.edu.pl/_romansos/hotpot/101viaggi/8.Tempo libero/grafica_passatempi/j0292078.gif]
[www2.filg.uj.edu.pl/_romansos/hotpot/101viaggi/8.Tempo libero/grafica_passatempi/j0352001.gif]
[www2.filg.uj.edu.pl/_romansos/hotpot/101viaggi/8.Tempo libero/passatempi.html]
[www2.filg.uj.edu.pl/_romansos/hotpot/101viaggi/8.Tempo libero/grafica_sport/trophy-vt.gif]
[www2.filg.uj.edu.pl/_romansos/hotpot/101viaggi/8.Tempo libero/grafica_sport/ski-vt.gif]
[www2.filg.uj.edu.pl/_romansos/hotpot/101viaggi/8.Tempo libero/grafica_sport/soccer-vt.gif]
[www2.filg.uj.edu.pl/_romansos/hotpot/101viaggi/8.Tempo libero/grafica_sport/swim-vt.gif]
[www2.filg.uj.edu.pl/_romansos/hotpot/101viaggi/8.Tempo libero/grafica_sport/tennis-vt.gif]
[www2.filg.uj.edu.pl/_romansos/hotpot/101viaggi/8.Tempo libero/grafica_sport/weightlift-vt.gif]
[www2.filg.uj.edu.pl/_romansos/hotpot/101viaggi/8.Tempo libero/grafica_sport/boxing-vt.gif]
[www2.filg.uj.edu.pl/_romansos/hotpot/101viaggi/8.Tempo libero/grafica_sport/cycling-vt.gif]
[www2.filg.uj.edu.pl/_romansos/hotpot/101viaggi/8.Tempo libero/grafica_sport/golf-vt.gif]
[www2.filg.uj.edu.pl/_romansos/hotpot/101viaggi/8.Tempo libero/grafica_sport/gymnastics-vt.gif]
[www2.filg.uj.edu.pl/_romansos/hotpot/101viaggi/8.Tempo libero/grafica_sport/play-basketball-vt.gif]
[www2.filg.uj.edu.pl/_romansos/hotpot/101viaggi/8.Tempo libero/sport.html]
[www2.filg.uj.edu.pl/_romansos/hotpot/101viaggi/9.Lavoro/Annunci_lavoro.html]
[www2.filg.uj.edu.pl/_romansos/hotpot/101viaggi/9.Lavoro/Professioni2.html]
[www2.filg.uj.edu.pl/_romansos/hotpot/101viaggi/9.Lavoro/professioni3.html]
[www2.filg.uj.edu.pl/_romansos/hotpot/101viaggi/9.Lavoro/professioni_grafica/j0090334.gif]
[www2.filg.uj.edu.pl/_romansos/hotpot/101viaggi/9.Lavoro/professioni_grafica/j0198706.gif]
[www2.filg.uj.edu.pl/_romansos/hotpot/101viaggi/9.Lavoro/professioni_grafica/j0198490.gif]
[www2.filg.uj.edu.pl/_romansos/hotpot/101viaggi/9.Lavoro/professioni_grafica/j0221839.gif]
[www2.filg.uj.edu.pl/_romansos/hotpot/101viaggi/9.Lavoro/professioni_grafica/j0198476.gif]
[www2.filg.uj.edu.pl/_romansos/hotpot/101viaggi/9.Lavoro/professioni_grafica/j0233187.gif]
[www2.filg.uj.edu.pl/_romansos/hotpot/101viaggi/9.Lavoro/professioni_grafica/j0233442.gif]
[www2.filg.uj.edu.pl/_romansos/hotpot/101viaggi/9.Lavoro/professioni_grafica/j0290719.gif]
[www2.filg.uj.edu.pl/_romansos/hotpot/101viaggi/9.Lavoro/professioni_grafica/j0295710.gif]
[www2.filg.uj.edu.pl/_romansos/hotpot/101viaggi/9.Lavoro/professioni_grafica/j0295723.gif]
[www2.filg.uj.edu.pl/_romansos/hotpot/101viaggi/9.Lavoro/professioni_grafica/j0295748.gif]
[www2.filg.uj.edu.pl/_romansos/hotpot/101viaggi/9.Lavoro/professioni_grafica/j0347053.gif]
[www2.filg.uj.edu.pl/_romansos/hotpot/101viaggi/9.Lavoro/professioni_grafica/j0360920.gif]
[www2.filg.uj.edu.pl/_romansos/hotpot/101viaggi/9.Lavoro/professioni_grafica/j0397316.gif]
[www2.filg.uj.edu.pl/_romansos/hotpot/101viaggi/9.Lavoro/professioni_grafica/j0404375.gif]
[www2.filg.uj.edu.pl/_romansos/hotpot/101viaggi/9.Lavoro/professioni_grafica/j0415488.gif]
[www2.filg.uj.edu.pl/_romansos/hotpot/101viaggi/9.Lavoro/professioni.html]
[www2.filg.uj.edu.pl/_romansos/hotpot/101viaggi/9.Lavoro/ufficio_grafica/busy-vt.gif]
[www2.filg.uj.edu.pl/_romansos/hotpot/101viaggi/9.Lavoro/ufficio_grafica/calculator-vt.gif]
[www2.filg.uj.edu.pl/_romansos/hotpot/101viaggi/9.Lavoro/ufficio_grafica/calendar-vt.gif]
[www2.filg.uj.edu.pl/_romansos/hotpot/101viaggi/9.Lavoro/ufficio_grafica/cellphone-vt.gif]
[www2.filg.uj.edu.pl/_romansos/hotpot/101viaggi/9.Lavoro/ufficio_grafica/computer-vt.gif]
[www2.filg.uj.edu.pl/_romansos/hotpot/101viaggi/9.Lavoro/ufficio_grafica/diary-organizer-vt.gif]
[www2.filg.uj.edu.pl/_romansos/hotpot/101viaggi/9.Lavoro/ufficio_grafica/envelope-vt.gif]
[www2.filg.uj.edu.pl/_romansos/hotpot/101viaggi/9.Lavoro/ufficio_grafica/keyboard-vt.gif]
[www2.filg.uj.edu.pl/_romansos/hotpot/101viaggi/9.Lavoro/ufficio_grafica/laptop-vt.gif]
[www2.filg.uj.edu.pl/_romansos/hotpot/101viaggi/9.Lavoro/ufficio_grafica/pencil-vt.gif]
[www2.filg.uj.edu.pl/_romansos/hotpot/101viaggi/9.Lavoro/ufficio_grafica/pen-vt.gif]
[www2.filg.uj.edu.pl/_romansos/hotpot/101viaggi/9.Lavoro/ufficio_grafica/printer-vt.gif]
[www2.filg.uj.edu.pl/_romansos/hotpot/101viaggi/9.Lavoro/ufficio_grafica/telephone-vt.gif]
[www2.filg.uj.edu.pl/_romansos/hotpot/101viaggi/9.Lavoro/ufficio_grafica/desk-vt.gif]
[www2.filg.uj.edu.pl/_romansos/hotpot/101viaggi/9.Lavoro/ufficio_grafica/eraser-vt.gif]
[www2.filg.uj.edu.pl/_romansos/hotpot/101viaggi/9.Lavoro/ufficio_grafica/mouse-vt.gif]
[www2.filg.uj.edu.pl/_romansos/hotpot/101viaggi/9.Lavoro/ufficio1.html]
[www2.filg.uj.edu.pl/_romansos/hotpot/101viaggi/9.Lavoro/ufficio2.html]
[www2.filg.uj.edu.pl/_romansos/hotpot/101viaggi/9.Lavoro/ufficio3.html]
[www2.filg.uj.edu.pl/_romansos/hotpot/101viaggi/10.Tempo/Date1_grafica/calendar-vt.gif]
[www2.filg.uj.edu.pl/_romansos/hotpot/101viaggi/10.Tempo/date1.html]
[www2.filg.uj.edu.pl/_romansos/hotpot/101viaggi/10.Tempo/date2.html]
[www2.filg.uj.edu.pl/_romansos/hotpot/101viaggi/10.Tempo/Feste_grafica/j0410591.gif]
[www2.filg.uj.edu.pl/_romansos/hotpot/101viaggi/10.Tempo/Feste_grafica/j0410717.gif]
[www2.filg.uj.edu.pl/_romansos/hotpot/101viaggi/10.Tempo/feste.html]
[www2.filg.uj.edu.pl/_romansos/hotpot/101viaggi/10.Tempo/giorni.html]
[www2.filg.uj.edu.pl/_romansos/hotpot/101viaggi/10.Tempo/mesi.html]
[www2.filg.uj.edu.pl/_romansos/hotpot/101viaggi/10.Tempo/Ora_grafica/0100-vt.gif]
[www2.filg.uj.edu.pl/_romansos/hotpot/101viaggi/10.Tempo/Ora_grafica/0215-vt.gif]
[www2.filg.uj.edu.pl/_romansos/hotpot/101viaggi/10.Tempo/Ora_grafica/0330-vt.gif]
[www2.filg.uj.edu.pl/_romansos/hotpot/101viaggi/10.Tempo/Ora_grafica/0450-vt.gif]
[www2.filg.uj.edu.pl/_romansos/hotpot/101viaggi/10.Tempo/Ora_grafica/0900-vt.gif]
[www2.filg.uj.edu.pl/_romansos/hotpot/101viaggi/10.Tempo/Ora_grafica/1200-vt.gif]
[www2.filg.uj.edu.pl/_romansos/hotpot/101viaggi/10.Tempo/ora.html]
[www2.filg.uj.edu.pl/_romansos/hotpot/101viaggi/10.Tempo/previsioni.html]
[www2.filg.uj.edu.pl/_romansos/hotpot/101viaggi/10.Tempo/stagioni.html]
[www2.filg.uj.edu.pl/_romansos/hotpot/101viaggi/10.Tempo/Tempo_grafica/cloud-vb.gif]
[www2.filg.uj.edu.pl/_romansos/hotpot/101viaggi/10.Tempo/Tempo_grafica/cold-vb.gif]
[www2.filg.uj.edu.pl/_romansos/hotpot/101viaggi/10.Tempo/Tempo_grafica/drought-vb.gif]
[www2.filg.uj.edu.pl/_romansos/hotpot/101viaggi/10.Tempo/Tempo_grafica/hail-vb.gif]
[www2.filg.uj.edu.pl/_romansos/hotpot/101viaggi/10.Tempo/Tempo_grafica/flood-vb.gif]
[www2.filg.uj.edu.pl/_romansos/hotpot/101viaggi/10.Tempo/Tempo_grafica/hot-vb.gif]
[www2.filg.uj.edu.pl/_romansos/hotpot/101viaggi/10.Tempo/Tempo_grafica/lightning-vb.gif]
[www2.filg.uj.edu.pl/_romansos/hotpot/101viaggi/10.Tempo/Tempo_grafica/rainbow-vb.gif]
[www2.filg.uj.edu.pl/_romansos/hotpot/101viaggi/10.Tempo/Tempo_grafica/rain-vb.gif]
[www2.filg.uj.edu.pl/_romansos/hotpot/101viaggi/10.Tempo/Tempo_grafica/snow-vb.gif]
[www2.filg.uj.edu.pl/_romansos/hotpot/101viaggi/10.Tempo/Tempo_grafica/sunlight-vb.gif]
[www2.filg.uj.edu.pl/_romansos/hotpot/101viaggi/10.Tempo/Tempo_grafica/wind-vb.gif]
[www2.filg.uj.edu.pl/_romansos/hotpot/101viaggi/10.Tempo/Tempo.html]
[www2.filg.uj.edu.pl/_romansos/hotpot/101viaggi/aiuto/aiuto_html_1cda506e.png]
[www2.filg.uj.edu.pl/_romansos/hotpot/101viaggi/aiuto/aiuto_html_m34a8ee47.png]
[www2.filg.uj.edu.pl/_romansos/hotpot/101viaggi/aiuto/aiuto_html_f4f4ec1.png]
[www2.filg.uj.edu.pl/_romansos/hotpot/101viaggi/aiuto/aiuto_html_2c86b916.png]
[www2.filg.uj.edu.pl/_romansos/hotpot/101viaggi/aiuto/aiuto_html_m151b4b2.png]
[www2.filg.uj.edu.pl/_romansos/hotpot/101viaggi/aiuto/aiuto_html_m28526925.png]
[www2.filg.uj.edu.pl/_romansos/hotpot/101viaggi/aiuto/aiuto_html_1003ba01.png]
[www2.filg.uj.edu.pl/_romansos/hotpot/101viaggi/aiuto/aiuto_html_69a4d562.png]
[www2.filg.uj.edu.pl/_romansos/hotpot/101viaggi/aiuto/aiuto_html_m7670c390.png]
[www2.filg.uj.edu.pl/_romansos/hotpot/101viaggi/aiuto/aiuto_html_m56651846.png]
[www2.filg.uj.edu.pl/_romansos/hotpot/101viaggi/aiuto/aiuto_html_42beff60.png]
[www2.filg.uj.edu.pl/_romansos/hotpot/101viaggi/aiuto/aiuto_html_41a98c20.png]
[www2.filg.uj.edu.pl/_romansos/hotpot/101viaggi/aiuto/aiuto.html]
[www2.filg.uj.edu.pl/_romansos/hotpot/101viaggi/testIparte/test1.html]
[www2.filg.uj.edu.pl/_romansos/hotpot/101viaggi/testIparte/test2.html]
[www2.filg.uj.edu.pl/_romansos/hotpot/101viaggi/testIparte/test3.html]
[www2.filg.uj.edu.pl/_romansos/hotpot/101viaggi/testIparte/test4.html]
[www2.filg.uj.edu.pl/_romansos/hotpot/101viaggi/testIparte/test5.html]
[www2.filg.uj.edu.pl/_romansos/hotpot/101viaggi/testIparte/test6.html]
[www2.filg.uj.edu.pl/_romansos/hotpot/101viaggi/testIparte/test7.html]
[www2.filg.uj.edu.pl/_romansos/hotpot/101viaggi/testIparte/test8.html]
[www2.filg.uj.edu.pl/_romansos/hotpot/101viaggi/testIparte/test9.html]
[www2.filg.uj.edu.pl/_romansos/hotpot/101viaggi/testIparte/test10.html]
[www2.filg.uj.edu.pl/_romansos/hotpot/101viaggi/dizionario/a.html]
[www2.filg.uj.edu.pl/_romansos/hotpot/101viaggi/dizionario/b.html]
[www2.filg.uj.edu.pl/_romansos/hotpot/101viaggi/dizionario/c.html]
[www2.filg.uj.edu.pl/_romansos/hotpot/101viaggi/dizionario/d.html]
[www2.filg.uj.edu.pl/_romansos/hotpot/101viaggi/dizionario/e.html]
[www2.filg.uj.edu.pl/_romansos/hotpot/101viaggi/dizionario/f.html]
[www2.filg.uj.edu.pl/_romansos/hotpot/101viaggi/dizionario/g.html]
[www2.filg.uj.edu.pl/_romansos/hotpot/101viaggi/dizionario/i.html]
[www2.filg.uj.edu.pl/_romansos/hotpot/101viaggi/dizionario/l.html]
[www2.filg.uj.edu.pl/_romansos/hotpot/101viaggi/dizionario/m.html]
[www2.filg.uj.edu.pl/_romansos/hotpot/101viaggi/dizionario/n.html]
[www2.filg.uj.edu.pl/_romansos/hotpot/101viaggi/dizionario/o.html]
[www2.filg.uj.edu.pl/_romansos/hotpot/101viaggi/dizionario/p.html]
[www2.filg.uj.edu.pl/_romansos/hotpot/101viaggi/dizionario/q.html]
[www2.filg.uj.edu.pl/_romansos/hotpot/101viaggi/dizionario/r.html]
[www2.filg.uj.edu.pl/_romansos/hotpot/101viaggi/dizionario/s.html]
[www2.filg.uj.edu.pl/_romansos/hotpot/101viaggi/dizionario/t.html]
[www2.filg.uj.edu.pl/_romansos/hotpot/101viaggi/dizionario/u.html]
[www2.filg.uj.edu.pl/_romansos/hotpot/101viaggi/dizionario/v.html]
[www2.filg.uj.edu.pl/_romansos/hotpot/101viaggi/dizionario/z.html]
[www2.filg.uj.edu.pl/_romansos/hotpot/101viaggi/1.Conosciamoci meglio/conosciamoci.swf]
[www2.filg.uj.edu.pl/_romansos/hotpot/101viaggi/1.Conosciamoci meglio/indice_conosciamoci.html]
[www2.filg.uj.edu.pl/_romansos/hotpot/101viaggi/1.Conosciamoci meglio/_grafica_dati/marco_dottore.html]
[www2.filg.uj.edu.pl/_romansos/hotpot/101viaggi/1.Conosciamoci meglio/_Grafica_StatiMondo/j0397296.html]
[www2.filg.uj.edu.pl/_romansos/hotpot/101viaggi/2.Corpo umano/corpo.swf]
[www2.filg.uj.edu.pl/_romansos/hotpot/101viaggi/2.Corpo umano/indice_corpo.html]
[www2.filg.uj.edu.pl/_romansos/hotpot/101viaggi/2.Corpo umano/_medico_grafica/medico.html]
[www2.filg.uj.edu.pl/_romansos/hotpot/101viaggi/2.Corpo umano/_farmaci_grafica/medico3.html]
[www2.filg.uj.edu.pl/_romansos/hotpot/101viaggi/3.Cucina/cucina.swf]
[www2.filg.uj.edu.pl/_romansos/hotpot/101viaggi/3.Cucina/indice_cucina.html]
[www2.filg.uj.edu.pl/_romansos/hotpot/101viaggi/3.Cucina/_frutta_grafica/fruit-vt.html]
[www2.filg.uj.edu.pl/_romansos/hotpot/101viaggi/3.Cucina/_pane_grafica/pane.html]
[www2.filg.uj.edu.pl/_romansos/hotpot/101viaggi/3.Cucina/_pasta_grafica/tagliatelle.html]
[www2.filg.uj.edu.pl/_romansos/hotpot/101viaggi/4.Casa/casa.swf]
[www2.filg.uj.edu.pl/_romansos/hotpot/101viaggi/4.Casa/indice_casa.html]
[www2.filg.uj.edu.pl/_romansos/hotpot/101viaggi/5.Natura/natura.swf]
[www2.filg.uj.edu.pl/_romansos/hotpot/101viaggi/5.Natura/indice_natura.html]
[www2.filg.uj.edu.pl/_romansos/hotpot/101viaggi/6.Spesa/spesa.swf]
[www2.filg.uj.edu.pl/_romansos/hotpot/101viaggi/6.Spesa/indice_spesa.html]
[www2.filg.uj.edu.pl/_romansos/hotpot/101viaggi/6.Spesa/_colori_grafica/new-vt.html]
[www2.filg.uj.edu.pl/_romansos/hotpot/101viaggi/7.Viaggi/viaggi.swf]
[www2.filg.uj.edu.pl/_romansos/hotpot/101viaggi/7.Viaggi/indice_viaggi.html]
[www2.filg.uj.edu.pl/_romansos/hotpot/101viaggi/7.Viaggi/contents.html]
[www2.filg.uj.edu.pl/_romansos/hotpot/101viaggi/7.Viaggi/nextpage.html]
[www2.filg.uj.edu.pl/_romansos/hotpot/101viaggi/8.Tempo libero/tempolibero.swf]
[www2.filg.uj.edu.pl/_romansos/hotpot/101viaggi/8.Tempo libero/indice_libero.html]
[www2.filg.uj.edu.pl/_romansos/hotpot/101viaggi/8.Tempo libero/_grafica_sport/trophy-vt.html]
[www2.filg.uj.edu.pl/_romansos/hotpot/101viaggi/9.Lavoro/lavoro.swf]
[www2.filg.uj.edu.pl/_romansos/hotpot/101viaggi/9.Lavoro/indice_lavoro.html]
[www2.filg.uj.edu.pl/_romansos/hotpot/101viaggi/9.Lavoro/_ufficio_grafica/busy-vt.html]
[www2.filg.uj.edu.pl/_romansos/hotpot/101viaggi/10.Tempo/_Date1_grafica/calendar-vt.html]
[www2.filg.uj.edu.pl/_romansos/hotpot/101viaggi/10.Tempo/tempo.swf]
[www2.filg.uj.edu.pl/_romansos/hotpot/101viaggi/10.Tempo/indice_tempo.html]
[www2.filg.uj.edu.pl/_romansos/hotpot/101viaggi/10.Tempo/_Feste_grafica/j0410591.html]
[www2.filg.uj.edu.pl/_romansos/hotpot/101viaggi/10.Tempo/_Feste_grafica/j0410717.html]
[www2.filg.uj.edu.pl/_romansos/hotpot/101viaggi/aiuto/aiuto/aiuto.html]
